// Jest Snapshot v1, https://goo.gl/fbAQLP

exports[`DataService should get league data 1`] = `
{
  "data": {
    "prop": "sample_league_data_from_mock",
  },
  "status": 200,
}
`;
