// Jest Snapshot v1, https://goo.gl/fbAQLP

exports[`/legacy/profile/:regionId/:realmId/:profileId (Redis disabled) returns correct response 1`] = `"{\\"status\\":200,\\"data\\":{\\"id\\":\\"\\",\\"displayName\\":\\"sample legacy profile object\\",\\"clanName\\":\\"\\",\\"clanTag\\":\\"\\",\\"profilePath\\":\\"\\"}}"`;
