// Jest Snapshot v1, https://goo.gl/fbAQLP

exports[`/data/league/:seasonId/:queueId/:teamType/:leagueId (Redis enabled) response is cached correctly 1`] = `"{\\"status\\":200,\\"data\\":{\\"_links\\":{\\"self\\":{\\"href\\":\\"sample league object\\"}}}}"`;

exports[`/data/league/:seasonId/:queueId/:teamType/:leagueId (Redis enabled) returns correct response 1`] = `"{\\"status\\":200,\\"data\\":{\\"_links\\":{\\"self\\":{\\"href\\":\\"sample league object\\"}}}}"`;

exports[`/data/league/:seasonId/:queueId/:teamType/:leagueId (Redis enabled) returns correct response when refresh is set to true 1`] = `"{\\"status\\":200,\\"data\\":{\\"_links\\":{\\"self\\":{\\"href\\":\\"sample league object\\"}}}}"`;
