// Jest Snapshot v1, https://goo.gl/fbAQLP

exports[`/profile/ladder/:regionId/:realmId/:profileId/:ladderId (Redis disabled) returns correct response 1`] = `"{\\"status\\":200,\\"data\\":{\\"ladderTeams\\":[{\\"teamMembers\\":[{\\"id\\":\\"\\",\\"displayName\\":\\"sample ladder object\\",\\"clanTag\\":\\"\\"}],\\"previousRank\\":\\"\\",\\"points\\":\\"\\",\\"wins\\":\\"\\",\\"losses\\":\\"\\",\\"mmr\\":\\"\\",\\"joinTimestamp\\":\\"\\"}],\\"localizedDivision\\":\\"\\"}}"`;
