// Jest Snapshot v1, https://goo.gl/fbAQLP

exports[`/ladder/season/:regionId (Redis disabled) returns correct response 1`] = `"{\\"status\\":200,\\"data\\":{\\"seasonId\\":9999,\\"number\\":\\"\\",\\"year\\":\\"\\",\\"startDate\\":\\"\\",\\"endDate\\":\\"\\"}}"`;
