// Jest Snapshot v1, https://goo.gl/fbAQLP

exports[`battleNetConfig should create Battle.net config 1`] = `
Object {
  "clientId": undefined,
  "clientSecret": undefined,
  "region": undefined,
  "timeoutMs": 20000,
}
`;
