// Jest Snapshot v1, https://goo.gl/fbAQLP

exports[`config should be defined 1`] = `
{
  "appConfig": [Function],
  "authConfig": [Function],
  "battleNetConfig": [Function],
  "redisConfig": [Function],
  "throttleConfig": [Function],
}
`;
