// Jest Snapshot v1, https://goo.gl/fbAQLP

exports[`DataBrokerService should get data by key 1`] = `
Object {
  "data": Object {
    "foo": "sample_data_from_sc2api_service_mock",
  },
  "statusCode": 200,
}
`;
