// Jest Snapshot v1, https://goo.gl/fbAQLP

exports[`/legacy/matches/:regionId/:realmId/:profileId (Redis disabled) returns correct response 1`] = `"{\\"status\\":200,\\"data\\":{\\"matches\\":[{\\"map\\":\\"sample legacy match history object\\",\\"date\\":\\"\\"}]}}"`;
